----------Certificate #1----------
Extensions:
  Authority Information Access:
    Access Description:
    - Access Location:
        name: UniformResourceIdentifier
        value: http://yr.i.lencr.org/
      Access Method: CA_ISSUERS
  Authority Key Identifier:
    Key Identifier: DEE75B60D0226D40287D3F0D01FEA4B552B45194
  Basic Constraints (critical):
    CA: true
  Certificate Policies:
  - Policy 2.23.140.1.2.1: []
  Crl Distribution Points:
  - Full Name:
    - name: UniformResourceIdentifier
      value: http://yr.c.lencr.org/
  Extended Key Usage:
  - Server Authentication
  Key Usage (critical): Digital Signature, Key Cert Sign, Crl Sign
  Path Lenght: 0
  Subject Key Identifier:
    Subject Key Identifier: 1F2F35BE461482CD40B1AE792C5578FAF7D468FB
Issuer: 'C: US, CN: Root YR, O: ISRG'
Serial Number: A20253F15F2691C05DC1CE13B9BCCA4E
Signature Algorithm: SHA256
Signature Value: |-
  D3ECEF32ADE41E283575D4E69A6F9189B4EBF7F4695FB9386EE6A730C46A6D5FF222F3FCDB300737
  79AF6B0F9C012B95B1DA5DD2292386BE219E12502D03B33A9D9C70AAEC746380828D2F75D7884850
  2A116115E25994337BC517BF7ABA9F9B4A0989D6EE91BA90C23310E017C33778BBC6BA3E8BD25BB7
  CE44342AE40B9CAC4BB41D2842A9F521D8390AEB86A4CBD0CE4DBD3DADC3FEA1EEADCD0420CF52C6
  E910B89AAAEB7971B18C9140553CC8C04E86AD70E4B6DF696351AF3D6E92539F23FA589006F61363
  1366B00C4240481364BC26DD45F2045CF7AA3FC4EB2B82F4A46BCE008AC5FAC6AD65CF567B8C6BEB
  9D77384CC723C594E38936A285C608D492176622ED10C4826B997772EF1859DEB374B45096A45D72
  5563B907CD1DAC1127A1969642B4409A2C8AF4CAC1D070DCAC44B731A8F323071116ECCB9EE03F55
  171CE31C9996100B482DC91DD2C5F7A720CFCCC42DC86B662969BFE443F0939E5227D8A4392540BA
  358AC609B84537D6E9E652894AD1300949CBA67B5CAD79395D50C236FFF94725A945386418E57B19
  EB4A910D2A018F210B358AEA8AA70210D972395855D59FA8EC370C8397E840CD06002A1DAAD1571C
  85F5065D39A5D2C8F274B9E0F6058244060682190F2B01A53F41CD76DD5E4B4D70D95B809CB0F043
  CA1CB8BFE73C842940CB0FC890995F06AC41F43FBFC2F20C1E0102678A6D3FAA
Subject: 'C: US, CN: YR1, O: Let''s Encrypt'
Subject Public Key Info:
  Parameters:
    Key Size: '2048'
    Modulus N: |-
      20368124368675891946319039514874952580097876774281197587872014486809338224813032
      05536229947077546803739710001048674883977910713703374321443228218166487488547869
      95042738283130862986089844535354095849183265150973300565491594652383690401795755
      81502362563299799663585256318791002980007315461610643320322800733285374059752760
      84361487101096666469022209073510586135388651954158617290754231538038201259051241
      67723475576439836916320909302250114392329457322371670752672396432747591095388574
      00262092654229881227881353638902935561190659323834931732018806316820984620539531
      571810889751722326674998912583295739544786291225887927859
    Public Exponent E: '65537'
  Public Key Algorithm:
    key_size: '2048'
    modulus_n: |-
      20368124368675891946319039514874952580097876774281197587872014486809338224813032
      05536229947077546803739710001048674883977910713703374321443228218166487488547869
      95042738283130862986089844535354095849183265150973300565491594652383690401795755
      81502362563299799663585256318791002980007315461610643320322800733285374059752760
      84361487101096666469022209073510586135388651954158617290754231538038201259051241
      67723475576439836916320909302250114392329457322371670752672396432747591095388574
      00262092654229881227881353638902935561190659323834931732018806316820984620539531
      571810889751722326674998912583295739544786291225887927859
    public_exponent_e: '65537'
Validity:
  Not After: '2028-09-02 23:59:59+00:00'
  Not Before: '2025-09-03 00:00:00+00:00'
Version: 2
----------------------------------
----------Certificate #2----------
Extensions:
  Authority Information Access:
    Access Description:
    - Access Location:
        name: UniformResourceIdentifier
        value: http://x1.i.lencr.org/
      Access Method: CA_ISSUERS
  Authority Key Identifier:
    Key Identifier: 79B459E67BB6E5E40173800888C81A58F6E99B6E
  Basic Constraints (critical):
    CA: true
  Certificate Policies:
  - Policy 2.23.140.1.2.1: []
  Crl Distribution Points:
  - Full Name:
    - name: UniformResourceIdentifier
      value: http://x1.c.lencr.org/
  Extended Key Usage:
  - Server Authentication
  Key Usage (critical): Key Cert Sign, Crl Sign
  Subject Key Identifier:
    Subject Key Identifier: DEE75B60D0226D40287D3F0D01FEA4B552B45194
Issuer: 'C: US, CN: ISRG Root X1, O: Internet Security Research Group'
Serial Number: F24B6D17F9D9AD7CB1C9FEA78782699F
Signature Algorithm: SHA256
Signature Value: |-
  3CB29488F7928A7E7D96E863260E91C12523DA2DBB12DD6F777228C909109801CD5FB0980BD4520B
  EC2D02F5E70F39D7300767E2D03936A7DE23F624C90B19ADE4215228B456C275D3D8C3125DEC55C6
  AA1507BF417563F155711391599EFEA61202E2951E1E4FB3EE418B1826C12D4992348073E31FAD46
  CDB2C5441271F468488087EAE8B570152523FF61EECB24F1300FD0D61BBDAF5566E101CB8E7F938B
  8F3E7B0AD93B320407CA767BF8F94726D6A3AE809A21BB42AFAB5C659680C14426FA3432796755FB
  686FF5D78E60598A790CA38DC4AB37935A76BC3E2FD0D924B6C0D47A9E36F2E1060AA93F47EF26AD
  8DE84B43E7BE0DE9E308EEE32C2539E38B6503CFD7A5E572D2BFD7EA24CB8342D6156F6A133682A9
  A14AA1C4F542D1AAB8786E4C112688767F1BE5919249E0092CC1D796311D94DCDAFA771F92F89793
  53CE2E79C576FC7CFE093A337EF859B2D6157C3C375E3507F465FED20D19F9754F13888AAB623189
  0BD3645219BD64AB7E012FD34F3F6EF344632E1C69F34B784522B4537CAC6BCD467D473416CC41B7
  2BA7C9DEBDA7A9296D91ECAD8ACF43201A0563D5665728CB33BD43322FB2D7E4D1489542944330BC
  0E322FEFBBABD5D9C79AF9C014560789104CA1F9AB2A199C3C3B8A2BA1D65203C83171F2BEE2F6F2
  095391D2DE6A192E461600E8A531A57D379E80F4181BE9D35C1E4BE0DCDA1A60
Subject: 'C: US, CN: Root YR, O: ISRG'
Subject Public Key Info:
  Parameters:
    Key Size: '4096'
    Modulus N: |-
      89659979420332606773921760422493573562060281355456864399606691879880988389010710
      44244804099081698832912053717501558486676961436798452757789844207956755865745480
      48895379663202202111839765331287312933742381134383328291729172677860030824723052
      98962696604711555371316459627652110399412635405107826901670273131894103560421199
      95405505223736193649880469895140748454596012284184686144757796402238985182451987
      84439183400830106285740180226150999848445419204548171869966950063467844079132556
      08016188037008831693921297885692261066771408241560160012859387884833932403659163
      16638987930088275839523534062599654651895067883734440699942992745468857488581425
      99875665259652290799684776008929649219370119301718711302142159420907175160469070
      64223281688775068440297601466249521981733146834979724460547319748833186401187505
      79546573032200088690515816572354832354753218453649991214403196566228260164840776
      21210515153541158190118198184164215886887718183778482202828237845608863499702196
      92970555615631254618627704802186368333915387783341107076648818134872567597555433
      05764975142915329723888286514487034369577404858211586629521863529401494010023101
      79119029282066676874953502869838773284069844495131600098045507985847680018174665
      197120973637843143404417685848001
    Public Exponent E: '65537'
  Public Key Algorithm:
    key_size: '4096'
    modulus_n: |-
      89659979420332606773921760422493573562060281355456864399606691879880988389010710
      44244804099081698832912053717501558486676961436798452757789844207956755865745480
      48895379663202202111839765331287312933742381134383328291729172677860030824723052
      98962696604711555371316459627652110399412635405107826901670273131894103560421199
      95405505223736193649880469895140748454596012284184686144757796402238985182451987
      84439183400830106285740180226150999848445419204548171869966950063467844079132556
      08016188037008831693921297885692261066771408241560160012859387884833932403659163
      16638987930088275839523534062599654651895067883734440699942992745468857488581425
      99875665259652290799684776008929649219370119301718711302142159420907175160469070
      64223281688775068440297601466249521981733146834979724460547319748833186401187505
      79546573032200088690515816572354832354753218453649991214403196566228260164840776
      21210515153541158190118198184164215886887718183778482202828237845608863499702196
      92970555615631254618627704802186368333915387783341107076648818134872567597555433
      05764975142915329723888286514487034369577404858211586629521863529401494010023101
      79119029282066676874953502869838773284069844495131600098045507985847680018174665
      197120973637843143404417685848001
    public_exponent_e: '65537'
Validity:
  Not After: '2032-09-02 23:59:59+00:00'
  Not Before: '2026-05-13 00:00:00+00:00'
Version: 2
----------------------------------
----------Certificate #3----------
Extensions:
  Basic Constraints (critical):
    CA: true
  Key Usage (critical): Key Cert Sign, Crl Sign
  Subject Key Identifier:
    Subject Key Identifier: 79B459E67BB6E5E40173800888C81A58F6E99B6E
Issuer: 'C: US, CN: ISRG Root X1, O: Internet Security Research Group'
Serial Number: 8210CFB0D240E3594463E0BB63828B00
Signature Algorithm: SHA256
Signature Value: |-
  551F58A9BCB2A850D00CB1D81A6920272908AC61755C8A6EF882E5692FD5F6564BB9B8731059D321
  977EE74C71FBB2D260AD39A80BEA17215685F1500E59EBCEE059E9BAC915EF869D8F8480F6E4E991
  90DC179B621B45F06695D27C6FC2EA3BEF1FCFCBD6AE27F1A9B0C8AEFD7D7E9AFA2204EBFFD97FEA
  912B22B1170E8FF28A345B58D8FC01C954B9B826CC8A8833894C2D843C82DFEE965705BA2CBBF7C4
  B7C74E3B82BE31C822737392D1C280A43939103323824C3C9F86B255981DBE29868C229B9EE26B3B
  573A82704DDC09C789CB0A074D6CE85D8EC9EFCEABC7BBB52B4E45D64AD026CCE572CA086AA595E3
  15A1F7A4EDC92C5FA5FBFFAC28022EBED77BBBE3717B9016D3075E46537C3707428CD3C4969CD599
  B52AE0951A8048AE4C3907CECC47A452952BBAB8FBADD233537DE51D4D6DD5A1B1C7426FE6402735
  5CA328B7078DE78D3390E7239FFB509C796C46D5B415B3966E7E9B0C963AB8522D3FD65BE1FB08C2
  84FE24A8A389DAAC6AE1182AB1A843615BD31FDC3B8D76F22DE88D75DF17336C3D53FB7BCB415FFF
  DCA2D06138E196B8AC5D8B37D775D533C09911AE9D41C1727584BE0241425F67244894D19B27BE07
  3FB9B84F817451E17AB7ED9D23E2BEE0D52804133C31039EDD7A6C8FC60718C67FDE478E3F289E04
  06CFA5543477BDEC899BE91743DF5BDB5FFE8E1E57A2CD409D7E6222DADE1827
Subject: 'C: US, CN: ISRG Root X1, O: Internet Security Research Group'
Subject Public Key Info:
  Parameters:
    Key Size: '4096'
    Modulus N: |-
      70947787041544537301535901656242666061055377068594452089329839660022676089997787
      91910048985433508318421191741886136781365102624725505327222341317544391810900098
      24131001234702144200501816519311599904090606194984753842587622398776018408050245
      57411602855060870889647897710470310136457737755482389335033937689298408667684282
      15066373765614712211786775130358118845898882309478554825547809248442806614129828
      27405878164907670403886160896655313460186264922042760067692235383478494519985672
      05969875291596599841244594625422741323225727652524000665148313079224811241742584
      64519514387812606321376453589275681583619617101851155025771270109223443949930789
      48994750404287047493247048147066090211292167313905862438457453781042040498702821
      43201376550202410506577825775917835692549415644757032237331025699960908320177827
      85885998547062417881194489430344773709593495168731620634615217078096898397109727
      53590949570167489887658749686740890549110678989462474318310617765270337415238713
      77080071123656361017110132805242414547822099301651526247854381379689967721519278
      96126828451450089931445135474441311260295571475700053699431432135256711052888170
      16183804256755470528641042403865830064493168693765438364296560479053823886598989
      258655438933191724193029337334607
    Public Exponent E: '65537'
  Public Key Algorithm:
    key_size: '4096'
    modulus_n: |-
      70947787041544537301535901656242666061055377068594452089329839660022676089997787
      91910048985433508318421191741886136781365102624725505327222341317544391810900098
      24131001234702144200501816519311599904090606194984753842587622398776018408050245
      57411602855060870889647897710470310136457737755482389335033937689298408667684282
      15066373765614712211786775130358118845898882309478554825547809248442806614129828
      27405878164907670403886160896655313460186264922042760067692235383478494519985672
      05969875291596599841244594625422741323225727652524000665148313079224811241742584
      64519514387812606321376453589275681583619617101851155025771270109223443949930789
      48994750404287047493247048147066090211292167313905862438457453781042040498702821
      43201376550202410506577825775917835692549415644757032237331025699960908320177827
      85885998547062417881194489430344773709593495168731620634615217078096898397109727
      53590949570167489887658749686740890549110678989462474318310617765270337415238713
      77080071123656361017110132805242414547822099301651526247854381379689967721519278
      96126828451450089931445135474441311260295571475700053699431432135256711052888170
      16183804256755470528641042403865830064493168693765438364296560479053823886598989
      258655438933191724193029337334607
    public_exponent_e: '65537'
Validity:
  Not After: '2035-06-04 11:04:38+00:00'
  Not Before: '2015-06-04 11:04:38+00:00'
Version: 2
----------------------------------
Chain certificate count: 3
